Traceback (most recent call last):
  File "C:\Users\Fatihul Umam\AppData\Local\Programs\Python\Python313\Lib\site-packages\jupyter_cache\executors\utils.py", line 58, in single_nb_execution
    executenb(
    ~~~~~~~~~^
        nb,
        ^^^
    ...<4 lines>...
        **kwargs,
        ^^^^^^^^^
    )
    ^
  File "C:\Users\Fatihul Umam\AppData\Local\Programs\Python\Python313\Lib\site-packages\nbclient\client.py", line 1323, in execute
    return NotebookClient(nb=nb, resources=resources, km=km, **kwargs).execute()
           ~~~~~~~~~~~~~~~~~~~~~~~~~~~~~~~~~~~~~~~~~~~~~~~~~~~~~~~~~~~~~~~~~~~^^
  File "C:\Users\Fatihul Umam\AppData\Local\Programs\Python\Python313\Lib\site-packages\jupyter_core\utils\__init__.py", line 165, in wrapped
    return loop.run_until_complete(inner)
           ~~~~~~~~~~~~~~~~~~~~~~~^^^^^^^
  File "C:\Users\Fatihul Umam\AppData\Local\Programs\Python\Python313\Lib\asyncio\base_events.py", line 721, in run_until_complete
    return future.result()
           ~~~~~~~~~~~~~^^
  File "C:\Users\Fatihul Umam\AppData\Local\Programs\Python\Python313\Lib\site-packages\nbclient\client.py", line 709, in async_execute
    await self.async_execute_cell(
        cell, index, execution_count=self.code_cells_executed + 1
    )
  File "C:\Users\Fatihul Umam\AppData\Local\Programs\Python\Python313\Lib\site-packages\nbclient\client.py", line 1062, in async_execute_cell
    await self._check_raise_for_error(cell, cell_index, exec_reply)
  File "C:\Users\Fatihul Umam\AppData\Local\Programs\Python\Python313\Lib\site-packages\nbclient\client.py", line 918, in _check_raise_for_error
    raise CellExecutionError.from_cell_and_msg(cell, exec_reply_content)
nbclient.exceptions.CellExecutionError: An error occurred while executing the following cell:
------------------
# Mengatur tampilan plot agar lebih rapi
plt.style.use('seaborn-v0_8-whitegrid')

print("Mengunduh dan memproses data...")
# Mengunduh dataset dari skforecast
dataset = fetch_dataset(name='vic_electricity', raw=True)

# Mengubah kolom 'Time' menjadi DatetimeIndex dan mengaturnya sebagai index
dataset['Time'] = pd.to_datetime(dataset['Time'])
dataset = dataset.set_index('Time')

# Mengubah frekuensi data dari 30 menit menjadi agregasi Harian (Daily)
# Demand (Permintaan) dijumlahkan (sum), Temperature (Suhu) dirata-rata (mean)
data = dataset.resample('D').agg({'Demand': 'sum', 'Temperature': 'mean'})

# Membagi data menjadi Train (Latih) dan Test (Uji)
end_train = '2014-12-31'
data_train = data.loc[:end_train].copy()
data_test  = data.loc[end_train:].copy()

print(f"Banyaknya data latih: {len(data_train)} hari")
------------------

----- stdout -----
Mengunduh dan memproses data...
------------------

[31m---------------------------------------------------------------------------[39m
[31mgaierror[39m                                  Traceback (most recent call last)
[36mFile [39m[32m~\AppData\Local\Programs\Python\Python313\Lib\urllib\request.py:1319[39m, in [36mAbstractHTTPHandler.do_open[39m[34m(self, http_class, req, **http_conn_args)[39m
[32m   1318[39m [38;5;28;01mtry[39;00m:
[32m-> [39m[32m1319[39m     [30;43mh[39;49m[30;43m.[39;49m[30;43mrequest[39;49m[30;43m([39;49m[30;43mreq[39;49m[30;43m.[39;49m[30;43mget_method[39;49m[30;43m([39;49m[30;43m)[39;49m[30;43m,[39;49m[30;43m [39;49m[30;43mreq[39;49m[30;43m.[39;49m[30;43mselector[39;49m[30;43m,[39;49m[30;43m [39;49m[30;43mreq[39;49m[30;43m.[39;49m[30;43mdata[39;49m[30;43m,[39;49m[30;43m [39;49m[30;43mheaders[39;49m[30;43m,[39;49m
[32m   1320[39m [30;43m              [39;49m[30;43mencode_chunked[39;49m[30;43m=[39;49m[30;43mreq[39;49m[30;43m.[39;49m[30;43mhas_header[39;49m[30;43m([39;49m[30;43m'[39;49m[30;43mTransfer-encoding[39;49m[30;43m'[39;49m[30;43m)[39;49m[30;43m)[39;49m
[32m   1321[39m [38;5;28;01mexcept[39;00m [38;5;167;01mOSError[39;00m [38;5;28;01mas[39;00m err: [38;5;66;03m# timeout error[39;00m

[36mFile [39m[32m~\AppData\Local\Programs\Python\Python313\Lib\http\client.py:1336[39m, in [36mHTTPConnection.request[39m[34m(self, method, url, body, headers, encode_chunked)[39m
[32m   1335[39m [38;5;250m[39m[33;03m"""Send a complete request to the server."""[39;00m
[32m-> [39m[32m1336[39m [30;43mself[39;49m[30;43m.[39;49m[30;43m_send_request[39;49m[30;43m([39;49m[30;43mmethod[39;49m[30;43m,[39;49m[30;43m [39;49m[30;43murl[39;49m[30;43m,[39;49m[30;43m [39;49m[30;43mbody[39;49m[30;43m,[39;49m[30;43m [39;49m[30;43mheaders[39;49m[30;43m,[39;49m[30;43m [39;49m[30;43mencode_chunked[39;49m[30;43m)[39;49m

[36mFile [39m[32m~\AppData\Local\Programs\Python\Python313\Lib\http\client.py:1382[39m, in [36mHTTPConnection._send_request[39m[34m(self, method, url, body, headers, encode_chunked)[39m
[32m   1381[39m     body = _encode(body, [33m'[39m[33mbody[39m[33m'[39m)
[32m-> [39m[32m1382[39m [30;43mself[39;49m[30;43m.[39;49m[30;43mendheaders[39;49m[30;43m([39;49m[30;43mbody[39;49m[30;43m,[39;49m[30;43m [39;49m[30;43mencode_chunked[39;49m[30;43m=[39;49m[30;43mencode_chunked[39;49m[30;43m)[39;49m

[36mFile [39m[32m~\AppData\Local\Programs\Python\Python313\Lib\http\client.py:1331[39m, in [36mHTTPConnection.endheaders[39m[34m(self, message_body, encode_chunked)[39m
[32m   1330[39m     [38;5;28;01mraise[39;00m CannotSendHeader()
[32m-> [39m[32m1331[39m [30;43mself[39;49m[30;43m.[39;49m[30;43m_send_output[39;49m[30;43m([39;49m[30;43mmessage_body[39;49m[30;43m,[39;49m[30;43m [39;49m[30;43mencode_chunked[39;49m[30;43m=[39;49m[30;43mencode_chunked[39;49m[30;43m)[39;49m

[36mFile [39m[32m~\AppData\Local\Programs\Python\Python313\Lib\http\client.py:1091[39m, in [36mHTTPConnection._send_output[39m[34m(self, message_body, encode_chunked)[39m
[32m   1090[39m [38;5;28;01mdel[39;00m [38;5;28mself[39m._buffer[:]
[32m-> [39m[32m1091[39m [30;43mself[39;49m[30;43m.[39;49m[30;43msend[39;49m[30;43m([39;49m[30;43mmsg[39;49m[30;43m)[39;49m
[32m   1093[39m [38;5;28;01mif[39;00m message_body [38;5;129;01mis[39;00m [38;5;129;01mnot[39;00m [38;5;28;01mNone[39;00m:
[32m   1094[39m 
[32m   1095[39m     [38;5;66;03m# create a consistent interface to message_body[39;00m

[36mFile [39m[32m~\AppData\Local\Programs\Python\Python313\Lib\http\client.py:1035[39m, in [36mHTTPConnection.send[39m[34m(self, data)[39m
[32m   1034[39m [38;5;28;01mif[39;00m [38;5;28mself[39m.auto_open:
[32m-> [39m[32m1035[39m     [30;43mself[39;49m[30;43m.[39;49m[30;43mconnect[39;49m[30;43m([39;49m[30;43m)[39;49m
[32m   1036[39m [38;5;28;01melse[39;00m:

[36mFile [39m[32m~\AppData\Local\Programs\Python\Python313\Lib\http\client.py:1470[39m, in [36mHTTPSConnection.connect[39m[34m(self)[39m
[32m   1468[39m [33m"[39m[33mConnect to a host on a given (SSL) port.[39m[33m"[39m
[32m-> [39m[32m1470[39m [30;43msuper[39;49m[30;43m([39;49m[30;43m)[39;49m[30;43m.[39;49m[30;43mconnect[39;49m[30;43m([39;49m[30;43m)[39;49m
[32m   1472[39m [38;5;28;01mif[39;00m [38;5;28mself[39m._tunnel_host:

[36mFile [39m[32m~\AppData\Local\Programs\Python\Python313\Lib\http\client.py:1001[39m, in [36mHTTPConnection.connect[39m[34m(self)[39m
[32m   1000[39m sys.audit([33m"[39m[33mhttp.client.connect[39m[33m"[39m, [38;5;28mself[39m, [38;5;28mself[39m.host, [38;5;28mself[39m.port)
[32m-> [39m[32m1001[39m [38;5;28mself[39m.sock = [30;43mself[39;49m[30;43m.[39;49m[30;43m_create_connection[39;49m[30;43m([39;49m
[32m   1002[39m [30;43m    [39;49m[30;43m([39;49m[30;43mself[39;49m[30;43m.[39;49m[30;43mhost[39;49m[30;43m,[39;49m[30;43mself[39;49m[30;43m.[39;49m[30;43mport[39;49m[30;43m)[39;49m[30;43m,[39;49m[30;43m [39;49m[30;43mself[39;49m[30;43m.[39;49m[30;43mtimeout[39;49m[30;43m,[39;49m[30;43m [39;49m[30;43mself[39;49m[30;43m.[39;49m[30;43msource_address[39;49m[30;43m)[39;49m
[32m   1003[39m [38;5;66;03m# Might fail in OSs that don't implement TCP_NODELAY[39;00m

[36mFile [39m[32m~\AppData\Local\Programs\Python\Python313\Lib\socket.py:840[39m, in [36mcreate_connection[39m[34m(address, timeout, source_address, all_errors)[39m
[32m    839[39m exceptions = []
[32m--> [39m[32m840[39m [38;5;28;01mfor[39;00m res [38;5;129;01min[39;00m [30;43mgetaddrinfo[39;49m[30;43m([39;49m[30;43mhost[39;49m[30;43m,[39;49m[30;43m [39;49m[30;43mport[39;49m[30;43m,[39;49m[30;43m [39;49m[30;43m0[39;49m[30;43m,[39;49m[30;43m [39;49m[30;43mSOCK_STREAM[39;49m[30;43m)[39;49m:
[32m    841[39m     af, socktype, proto, canonname, sa = res

[36mFile [39m[32m~\AppData\Local\Programs\Python\Python313\Lib\socket.py:975[39m, in [36mgetaddrinfo[39m[34m(host, port, family, type, proto, flags)[39m
[32m    974[39m addrlist = []
[32m--> [39m[32m975[39m [38;5;28;01mfor[39;00m res [38;5;129;01min[39;00m [30;43m_socket[39;49m[30;43m.[39;49m[30;43mgetaddrinfo[39;49m[30;43m([39;49m[30;43mhost[39;49m[30;43m,[39;49m[30;43m [39;49m[30;43mport[39;49m[30;43m,[39;49m[30;43m [39;49m[30;43mfamily[39;49m[30;43m,[39;49m[30;43m [39;49m[30;43mtype[39;49m[30;43m,[39;49m[30;43m [39;49m[30;43mproto[39;49m[30;43m,[39;49m[30;43m [39;49m[30;43mflags[39;49m[30;43m)[39;49m:
[32m    976[39m     af, socktype, proto, canonname, sa = res

[31mgaierror[39m: [Errno 11001] getaddrinfo failed

During handling of the above exception, another exception occurred:

[31mURLError[39m                                  Traceback (most recent call last)
[36mFile [39m[32m~\AppData\Local\Programs\Python\Python313\Lib\site-packages\skforecast\datasets\datasets.py:800[39m, in [36mfetch_dataset[39m[34m(name, version, raw, kwargs_read, verbose)[39m
[32m    799[39m     sep = datasets[name][[33m'[39m[33msep[39m[33m'[39m]
[32m--> [39m[32m800[39m     df = [30;43mpd[39;49m[30;43m.[39;49m[30;43mread_csv[39;49m[30;43m([39;49m[30;43murl[39;49m[30;43m,[39;49m[30;43m [39;49m[30;43msep[39;49m[30;43m=[39;49m[30;43msep[39;49m[30;43m,[39;49m[30;43m [39;49m[30;43m*[39;49m[30;43m*[39;49m[30;43mkwargs_read[39;49m[30;43m)[39;49m
[32m    801[39m [38;5;28;01mexcept[39;00m [38;5;167;01mException[39;00m [38;5;28;01mas[39;00m e:

[36mFile [39m[32m~\AppData\Local\Programs\Python\Python313\Lib\site-packages\pandas\io\parsers\readers.py:1026[39m, in [36mread_csv[39m[34m(filepath_or_buffer, sep, delimiter, header, names, index_col, usecols, dtype, engine, converters, true_values, false_values, skipinitialspace, skiprows, skipfooter, nrows, na_values, keep_default_na, na_filter, verbose, skip_blank_lines, parse_dates, infer_datetime_format, keep_date_col, date_parser, date_format, dayfirst, cache_dates, iterator, chunksize, compression, thousands, decimal, lineterminator, quotechar, quoting, doublequote, escapechar, comment, encoding, encoding_errors, dialect, on_bad_lines, delim_whitespace, low_memory, memory_map, float_precision, storage_options, dtype_backend)[39m
[32m   1024[39m kwds.update(kwds_defaults)
[32m-> [39m[32m1026[39m [38;5;28;01mreturn[39;00m [30;43m_read[39;49m[30;43m([39;49m[30;43mfilepath_or_buffer[39;49m[30;43m,[39;49m[30;43m [39;49m[30;43mkwds[39;49m[30;43m)[39;49m

[36mFile [39m[32m~\AppData\Local\Programs\Python\Python313\Lib\site-packages\pandas\io\parsers\readers.py:620[39m, in [36m_read[39m[34m(filepath_or_buffer, kwds)[39m
[32m    619[39m [38;5;66;03m# Create the parser.[39;00m
[32m--> [39m[32m620[39m parser = [30;43mTextFileReader[39;49m[30;43m([39;49m[30;43mfilepath_or_buffer[39;49m[30;43m,[39;49m[30;43m [39;49m[30;43m*[39;49m[30;43m*[39;49m[30;43mkwds[39;49m[30;43m)[39;49m
[32m    622[39m [38;5;28;01mif[39;00m chunksize [38;5;129;01mor[39;00m iterator:

[36mFile [39m[32m~\AppData\Local\Programs\Python\Python313\Lib\site-packages\pandas\io\parsers\readers.py:1620[39m, in [36mTextFileReader.__init__[39m[34m(self, f, engine, **kwds)[39m
[32m   1619[39m [38;5;28mself[39m.handles: IOHandles | [38;5;28;01mNone[39;00m = [38;5;28;01mNone[39;00m
[32m-> [39m[32m1620[39m [38;5;28mself[39m._engine = [30;43mself[39;49m[30;43m.[39;49m[30;43m_make_engine[39;49m[30;43m([39;49m[30;43mf[39;49m[30;43m,[39;49m[30;43m [39;49m[30;43mself[39;49m[30;43m.[39;49m[30;43mengine[39;49m[30;43m)[39;49m

[36mFile [39m[32m~\AppData\Local\Programs\Python\Python313\Lib\site-packages\pandas\io\parsers\readers.py:1880[39m, in [36mTextFileReader._make_engine[39m[34m(self, f, engine)[39m
[32m   1879[39m         mode += [33m"[39m[33mb[39m[33m"[39m
[32m-> [39m[32m1880[39m [38;5;28mself[39m.handles = [30;43mget_handle[39;49m[30;43m([39;49m
[32m   1881[39m [30;43m    [39;49m[30;43mf[39;49m[30;43m,[39;49m
[32m   1882[39m [30;43m    [39;49m[30;43mmode[39;49m[30;43m,[39;49m
[32m   1883[39m [30;43m    [39;49m[30;43mencoding[39;49m[30;43m=[39;49m[30;43mself[39;49m[30;43m.[39;49m[30;43moptions[39;49m[30;43m.[39;49m[30;43mget[39;49m[30;43m([39;49m[30;43m"[39;49m[30;43mencoding[39;49m[30;43m"[39;49m[30;43m,[39;49m[30;43m [39;49m[30;43;01mNone[39;49;00m[30;43m)[39;49m[30;43m,[39;49m
[32m   1884[39m [30;43m    [39;49m[30;43mcompression[39;49m[30;43m=[39;49m[30;43mself[39;49m[30;43m.[39;49m[30;43moptions[39;49m[30;43m.[39;49m[30;43mget[39;49m[30;43m([39;49m[30;43m"[39;49m[30;43mcompression[39;49m[30;43m"[39;49m[30;43m,[39;49m[30;43m [39;49m[30;43;01mNone[39;49;00m[30;43m)[39;49m[30;43m,[39;49m
[32m   1885[39m [30;43m    [39;49m[30;43mmemory_map[39;49m[30;43m=[39;49m[30;43mself[39;49m[30;43m.[39;49m[30;43moptions[39;49m[30;43m.[39;49m[30;43mget[39;49m[30;43m([39;49m[30;43m"[39;49m[30;43mmemory_map[39;49m[30;43m"[39;49m[30;43m,[39;49m[30;43m [39;49m[30;43;01mFalse[39;49;00m[30;43m)[39;49m[30;43m,[39;49m
[32m   1886[39m [30;43m    [39;49m[30;43mis_text[39;49m[30;43m=[39;49m[30;43mis_text[39;49m[30;43m,[39;49m
[32m   1887[39m [30;43m    [39;49m[30;43merrors[39;49m[30;43m=[39;49m[30;43mself[39;49m[30;43m.[39;49m[30;43moptions[39;49m[30;43m.[39;49m[30;43mget[39;49m[30;43m([39;49m[30;43m"[39;49m[30;43mencoding_errors[39;49m[30;43m"[39;49m[30;43m,[39;49m[30;43m [39;49m[30;43m"[39;49m[30;43mstrict[39;49m[30;43m"[39;49m[30;43m)[39;49m[30;43m,[39;49m
[32m   1888[39m [30;43m    [39;49m[30;43mstorage_options[39;49m[30;43m=[39;49m[30;43mself[39;49m[30;43m.[39;49m[30;43moptions[39;49m[30;43m.[39;49m[30;43mget[39;49m[30;43m([39;49m[30;43m"[39;49m[30;43mstorage_options[39;49m[30;43m"[39;49m[30;43m,[39;49m[30;43m [39;49m[30;43;01mNone[39;49;00m[30;43m)[39;49m[30;43m,[39;49m
[32m   1889[39m [30;43m[39;49m[30;43m)[39;49m
[32m   1890[39m [38;5;28;01massert[39;00m [38;5;28mself[39m.handles [38;5;129;01mis[39;00m [38;5;129;01mnot[39;00m [38;5;28;01mNone[39;00m

[36mFile [39m[32m~\AppData\Local\Programs\Python\Python313\Lib\site-packages\pandas\io\common.py:728[39m, in [36mget_handle[39m[34m(path_or_buf, mode, encoding, compression, memory_map, is_text, errors, storage_options)[39m
[32m    727[39m [38;5;66;03m# open URLs[39;00m
[32m--> [39m[32m728[39m ioargs = [30;43m_get_filepath_or_buffer[39;49m[30;43m([39;49m
[32m    729[39m [30;43m    [39;49m[30;43mpath_or_buf[39;49m[30;43m,[39;49m
[32m    730[39m [30;43m    [39;49m[30;43mencoding[39;49m[30;43m=[39;49m[30;43mencoding[39;49m[30;43m,[39;49m
[32m    731[39m [30;43m    [39;49m[30;43mcompression[39;49m[30;43m=[39;49m[30;43mcompression[39;49m[30;43m,[39;49m
[32m    732[39m [30;43m    [39;49m[30;43mmode[39;49m[30;43m=[39;49m[30;43mmode[39;49m[30;43m,[39;49m
[32m    733[39m [30;43m    [39;49m[30;43mstorage_options[39;49m[30;43m=[39;49m[30;43mstorage_options[39;49m[30;43m,[39;49m
[32m    734[39m [30;43m[39;49m[30;43m)[39;49m
[32m    736[39m handle = ioargs.filepath_or_buffer

[36mFile [39m[32m~\AppData\Local\Programs\Python\Python313\Lib\site-packages\pandas\io\common.py:384[39m, in [36m_get_filepath_or_buffer[39m[34m(filepath_or_buffer, encoding, compression, mode, storage_options)[39m
[32m    383[39m req_info = urllib.request.Request(filepath_or_buffer, headers=storage_options)
[32m--> [39m[32m384[39m [38;5;28;01mwith[39;00m [30;43murlopen[39;49m[30;43m([39;49m[30;43mreq_info[39;49m[30;43m)[39;49m [38;5;28;01mas[39;00m req:
[32m    385[39m     content_encoding = req.headers.get([33m"[39m[33mContent-Encoding[39m[33m"[39m, [38;5;28;01mNone[39;00m)

[36mFile [39m[32m~\AppData\Local\Programs\Python\Python313\Lib\site-packages\pandas\io\common.py:289[39m, in [36murlopen[39m[34m(*args, **kwargs)[39m
[32m    287[39m [38;5;28;01mimport[39;00m[38;5;250m [39m[34;01murllib[39;00m[34;01m.[39;00m[34;01mrequest[39;00m
[32m--> [39m[32m289[39m [38;5;28;01mreturn[39;00m [30;43murllib[39;49m[30;43m.[39;49m[30;43mrequest[39;49m[30;43m.[39;49m[30;43murlopen[39;49m[30;43m([39;49m[30;43m*[39;49m[30;43margs[39;49m[30;43m,[39;49m[30;43m [39;49m[30;43m*[39;49m[30;43m*[39;49m[30;43mkwargs[39;49m[30;43m)[39;49m

[36mFile [39m[32m~\AppData\Local\Programs\Python\Python313\Lib\urllib\request.py:189[39m, in [36murlopen[39m[34m(url, data, timeout, context)[39m
[32m    188[39m     opener = _opener
[32m--> [39m[32m189[39m [38;5;28;01mreturn[39;00m [30;43mopener[39;49m[30;43m.[39;49m[30;43mopen[39;49m[30;43m([39;49m[30;43murl[39;49m[30;43m,[39;49m[30;43m [39;49m[30;43mdata[39;49m[30;43m,[39;49m[30;43m [39;49m[30;43mtimeout[39;49m[30;43m)[39;49m

[36mFile [39m[32m~\AppData\Local\Programs\Python\Python313\Lib\urllib\request.py:489[39m, in [36mOpenerDirector.open[39m[34m(self, fullurl, data, timeout)[39m
[32m    488[39m sys.audit([33m'[39m[33murllib.Request[39m[33m'[39m, req.full_url, req.data, req.headers, req.get_method())
[32m--> [39m[32m489[39m response = [30;43mself[39;49m[30;43m.[39;49m[30;43m_open[39;49m[30;43m([39;49m[30;43mreq[39;49m[30;43m,[39;49m[30;43m [39;49m[30;43mdata[39;49m[30;43m)[39;49m
[32m    491[39m [38;5;66;03m# post-process response[39;00m

[36mFile [39m[32m~\AppData\Local\Programs\Python\Python313\Lib\urllib\request.py:506[39m, in [36mOpenerDirector._open[39m[34m(self, req, data)[39m
[32m    505[39m protocol = req.type
[32m--> [39m[32m506[39m result = [30;43mself[39;49m[30;43m.[39;49m[30;43m_call_chain[39;49m[30;43m([39;49m[30;43mself[39;49m[30;43m.[39;49m[30;43mhandle_open[39;49m[30;43m,[39;49m[30;43m [39;49m[30;43mprotocol[39;49m[30;43m,[39;49m[30;43m [39;49m[30;43mprotocol[39;49m[30;43m [39;49m[30;43m+[39;49m
[32m    507[39m [30;43m                          [39;49m[30;43m'[39;49m[30;43m_open[39;49m[30;43m'[39;49m[30;43m,[39;49m[30;43m [39;49m[30;43mreq[39;49m[30;43m)[39;49m
[32m    508[39m [38;5;28;01mif[39;00m result:

[36mFile [39m[32m~\AppData\Local\Programs\Python\Python313\Lib\urllib\request.py:466[39m, in [36mOpenerDirector._call_chain[39m[34m(self, chain, kind, meth_name, *args)[39m
[32m    465[39m func = [38;5;28mgetattr[39m(handler, meth_name)
[32m--> [39m[32m466[39m result = [30;43mfunc[39;49m[30;43m([39;49m[30;43m*[39;49m[30;43margs[39;49m[30;43m)[39;49m
[32m    467[39m [38;5;28;01mif[39;00m result [38;5;129;01mis[39;00m [38;5;129;01mnot[39;00m [38;5;28;01mNone[39;00m:

[36mFile [39m[32m~\AppData\Local\Programs\Python\Python313\Lib\urllib\request.py:1367[39m, in [36mHTTPSHandler.https_open[39m[34m(self, req)[39m
[32m   1366[39m [38;5;28;01mdef[39;00m[38;5;250m [39m[34mhttps_open[39m([38;5;28mself[39m, req):
[32m-> [39m[32m1367[39m     [38;5;28;01mreturn[39;00m [30;43mself[39;49m[30;43m.[39;49m[30;43mdo_open[39;49m[30;43m([39;49m[30;43mhttp[39;49m[30;43m.[39;49m[30;43mclient[39;49m[30;43m.[39;49m[30;43mHTTPSConnection[39;49m[30;43m,[39;49m[30;43m [39;49m[30;43mreq[39;49m[30;43m,[39;49m
[32m   1368[39m [30;43m                        [39;49m[30;43mcontext[39;49m[30;43m=[39;49m[30;43mself[39;49m[30;43m.[39;49m[30;43m_context[39;49m[30;43m)[39;49m

[36mFile [39m[32m~\AppData\Local\Programs\Python\Python313\Lib\urllib\request.py:1322[39m, in [36mAbstractHTTPHandler.do_open[39m[34m(self, http_class, req, **http_conn_args)[39m
[32m   1321[39m [38;5;28;01mexcept[39;00m [38;5;167;01mOSError[39;00m [38;5;28;01mas[39;00m err: [38;5;66;03m# timeout error[39;00m
[32m-> [39m[32m1322[39m     [38;5;28;01mraise[39;00m URLError(err)
[32m   1323[39m r = h.getresponse()

[31mURLError[39m: <urlopen error [Errno 11001] getaddrinfo failed>

During handling of the above exception, another exception occurred:

[31mValueError[39m                                Traceback (most recent call last)
[36mCell[39m[36m [39m[32mIn[3][39m[32m, line 6[39m
[32m      2[39m plt.style.use([33m'seaborn-v0_8-whitegrid'[39m)
[32m      3[39m 
[32m      4[39m print([33m"Mengunduh dan memproses data..."[39m)
[32m      5[39m [38;5;66;03m# Mengunduh dataset dari skforecast[39;00m
[32m----> [39m[32m6[39m dataset = fetch_dataset(name=[33m'vic_electricity'[39m, raw=[38;5;28;01mTrue[39;00m)
[32m      7[39m 
[32m      8[39m [38;5;66;03m# Mengubah kolom 'Time' menjadi DatetimeIndex dan mengaturnya sebagai index[39;00m
[32m      9[39m dataset[[33m'Time'[39m] = pd.to_datetime(dataset[[33m'Time'[39m])

[36mFile [39m[32m~\AppData\Local\Programs\Python\Python313\Lib\site-packages\skforecast\datasets\datasets.py:802[39m, in [36mfetch_dataset[39m[34m(name, version, raw, kwargs_read, verbose)[39m
[32m    800[39m         df = pd.read_csv(url, sep=sep, **kwargs_read)
[32m    801[39m     [38;5;28;01mexcept[39;00m [38;5;167;01mException[39;00m [38;5;28;01mas[39;00m e:
[32m--> [39m[32m802[39m         [38;5;28;01mraise[39;00m [38;5;167;01mValueError[39;00m(
[32m    803[39m             [33mf[39m[33m"[39m[33mError reading dataset [39m[33m'[39m[38;5;132;01m{[39;00mname[38;5;132;01m}[39;00m[33m'[39m[33m from [39m[38;5;132;01m{[39;00murl[38;5;132;01m}[39;00m[33m: [39m[38;5;132;01m{[39;00m[38;5;28mstr[39m(e)[38;5;132;01m}[39;00m[33m.[39m[33m"[39m
[32m    804[39m         )
[32m    805[39m [38;5;28;01melif[39;00m file_type == [33m'[39m[33mparquet[39m[33m'[39m:
[32m    806[39m     [38;5;28;01mtry[39;00m:

[31mValueError[39m: Error reading dataset 'vic_electricity' from https://raw.githubusercontent.com/skforecast/skforecast-datasets/main/data/vic_electricity.csv: <urlopen error [Errno 11001] getaddrinfo failed>.

